current directory: C:/Users/erdno/PsychoNoir-Kontrapunkt/.computer_languages/ruby/lib/ruby/gems/3.4.0/gems/rbs-3.9.5/ext/rbs_extension
C:/Users/erdno/PsychoNoir-Kontrapunkt/.computer_languages/ruby/bin/ruby.exe extconf.rb
checking for whether -std=gnu99 is accepted as CFLAGS... yes
creating Makefile

current directory: C:/Users/erdno/PsychoNoir-Kontrapunkt/.computer_languages/ruby/lib/ruby/gems/3.4.0/gems/rbs-3.9.5/ext/rbs_extension
make DESTDIR\= sitearchdir\=./.gem.20251010-102712-y7pvmc sitelibdir\=./.gem.20251010-102712-y7pvmc clean

current directory: C:/Users/erdno/PsychoNoir-Kontrapunkt/.computer_languages/ruby/lib/ruby/gems/3.4.0/gems/rbs-3.9.5/ext/rbs_extension
make DESTDIR\= sitearchdir\=./.gem.20251010-102712-y7pvmc sitelibdir\=./.gem.20251010-102712-y7pvmc
generating rbs_extension-x64-mingw-ucrt.def
compiling ./../../src/constants.c
compiling ./../../src/ruby_objs.c
compiling ./../../src/util/rbs_constant_pool.c
compiling lexer.c
compiling lexstate.c
compiling location.c
compiling main.c
compiling parser.c
compiling parserstate.c
compiling unescape.c
linking shared-object rbs_extension.so

current directory: C:/Users/erdno/PsychoNoir-Kontrapunkt/.computer_languages/ruby/lib/ruby/gems/3.4.0/gems/rbs-3.9.5/ext/rbs_extension
make DESTDIR\= sitearchdir\=./.gem.20251010-102712-y7pvmc sitelibdir\=./.gem.20251010-102712-y7pvmc install
/usr/bin/install -c -m 0755 rbs_extension.so ./.gem.20251010-102712-y7pvmc

current directory: C:/Users/erdno/PsychoNoir-Kontrapunkt/.computer_languages/ruby/lib/ruby/gems/3.4.0/gems/rbs-3.9.5/ext/rbs_extension
make DESTDIR\= sitearchdir\=./.gem.20251010-102712-y7pvmc sitelibdir\=./.gem.20251010-102712-y7pvmc clean
