current directory: C:/Users/erdno/PsychoNoir-Kontrapunkt/.computer_languages/ruby/lib/ruby/gems/3.4.0/gems/win32ole-1.9.2/ext/win32ole
C:/Users/erdno/PsychoNoir-Kontrapunkt/.computer_languages/ruby/bin/ruby.exe extconf.rb
checking for -lole32... yes
checking for -loleaut32... yes
checking for &CLSID_CMultiLanguage() in -luuid... yes
checking for -luser32... yes
checking for -lkernel32... yes
checking for -ladvapi32... yes
checking for windows.h... yes
checking for IMultiLanguage2 in mlang.h... yes
checking for thread_specific... __thread
checking for rb_deprecate_constant(Qnil, "")... yes
creating Makefile

current directory: C:/Users/erdno/PsychoNoir-Kontrapunkt/.computer_languages/ruby/lib/ruby/gems/3.4.0/gems/win32ole-1.9.2/ext/win32ole
make DESTDIR\= sitearchdir\=./.gem.20251010-102712-aqorb8 sitelibdir\=./.gem.20251010-102712-aqorb8 clean

current directory: C:/Users/erdno/PsychoNoir-Kontrapunkt/.computer_languages/ruby/lib/ruby/gems/3.4.0/gems/win32ole-1.9.2/ext/win32ole
make DESTDIR\= sitearchdir\=./.gem.20251010-102712-aqorb8 sitelibdir\=./.gem.20251010-102712-aqorb8
generating win32ole-x64-mingw-ucrt.def
compiling win32ole.c
compiling win32ole_error.c
compiling win32ole_event.c
compiling win32ole_method.c
compiling win32ole_param.c
compiling win32ole_record.c
compiling win32ole_type.c
compiling win32ole_typelib.c
compiling win32ole_variable.c
compiling win32ole_variant.c
compiling win32ole_variant_m.c
linking shared-object win32ole.so

current directory: C:/Users/erdno/PsychoNoir-Kontrapunkt/.computer_languages/ruby/lib/ruby/gems/3.4.0/gems/win32ole-1.9.2/ext/win32ole
make DESTDIR\= sitearchdir\=./.gem.20251010-102712-aqorb8 sitelibdir\=./.gem.20251010-102712-aqorb8 install
/usr/bin/install -c -m 0755 win32ole.so ./.gem.20251010-102712-aqorb8

current directory: C:/Users/erdno/PsychoNoir-Kontrapunkt/.computer_languages/ruby/lib/ruby/gems/3.4.0/gems/win32ole-1.9.2/ext/win32ole
make DESTDIR\= sitearchdir\=./.gem.20251010-102712-aqorb8 sitelibdir\=./.gem.20251010-102712-aqorb8 clean
