current directory: C:/Users/erdno/PsychoNoir-Kontrapunkt/.computer_languages/ruby/lib/ruby/gems/3.4.0/gems/psych-5.2.6/ext/psych
C:/Users/erdno/PsychoNoir-Kontrapunkt/.computer_languages/ruby/bin/ruby.exe extconf.rb
checking for pkg-config for yaml-0.1... ["-IC:/Users/erdno/PsychoNoir-Kontrapunkt/.i_am_idiot_gpt/msys64/ucrt64/bin/../include ", "-LC:/Users/erdno/PsychoNoir-Kontrapunkt/.i_am_idiot_gpt/msys64/ucrt64/bin/../lib", "-lyaml"]
checking for yaml.h... yes
checking for yaml_get_version() in -lyaml... yes
creating Makefile

current directory: C:/Users/erdno/PsychoNoir-Kontrapunkt/.computer_languages/ruby/lib/ruby/gems/3.4.0/gems/psych-5.2.6/ext/psych
make DESTDIR\= sitearchdir\=./.gem.20251010-102712-dflblo sitelibdir\=./.gem.20251010-102712-dflblo clean
cd libyaml && make clean
/bin/sh: line 1: cd: libyaml: No such file or directory
make: [Makefile:291: clean-so] Error 1 (ignored)

current directory: C:/Users/erdno/PsychoNoir-Kontrapunkt/.computer_languages/ruby/lib/ruby/gems/3.4.0/gems/psych-5.2.6/ext/psych
make DESTDIR\= sitearchdir\=./.gem.20251010-102712-dflblo sitelibdir\=./.gem.20251010-102712-dflblo
generating psych-x64-mingw-ucrt.def
compiling psych.c
compiling psych_emitter.c
compiling psych_parser.c
compiling psych_to_ruby.c
compiling psych_yaml_tree.c
linking shared-object psych.so

current directory: C:/Users/erdno/PsychoNoir-Kontrapunkt/.computer_languages/ruby/lib/ruby/gems/3.4.0/gems/psych-5.2.6/ext/psych
make DESTDIR\= sitearchdir\=./.gem.20251010-102712-dflblo sitelibdir\=./.gem.20251010-102712-dflblo install
/usr/bin/install -c -m 0755 psych.so ./.gem.20251010-102712-dflblo

current directory: C:/Users/erdno/PsychoNoir-Kontrapunkt/.computer_languages/ruby/lib/ruby/gems/3.4.0/gems/psych-5.2.6/ext/psych
make DESTDIR\= sitearchdir\=./.gem.20251010-102712-dflblo sitelibdir\=./.gem.20251010-102712-dflblo clean
cd libyaml && make clean
/bin/sh: line 1: cd: libyaml: No such file or directory
make: [Makefile:291: clean-so] Error 1 (ignored)
