current directory: C:/Users/erdno/PsychoNoir-Kontrapunkt/.computer_languages/ruby/lib/ruby/gems/3.4.0/gems/prism-1.5.2/ext/prism
C:/Users/erdno/PsychoNoir-Kontrapunkt/.computer_languages/ruby/bin/ruby.exe extconf.rb
checking for prism.h in C:/Users/erdno/PsychoNoir-Kontrapunkt/.computer_languages/ruby/lib/ruby/gems/3.4.0/gems/prism-1.5.2/include... yes
checking for prism/extension.h in C:/Users/erdno/PsychoNoir-Kontrapunkt/.computer_languages/ruby/lib/ruby/gems/3.4.0/gems/prism-1.5.2/ext... yes
checking for whether -fvisibility=hidden is accepted as CFLAGS... yes
creating Makefile

current directory: C:/Users/erdno/PsychoNoir-Kontrapunkt/.computer_languages/ruby/lib/ruby/gems/3.4.0/gems/prism-1.5.2/ext/prism
make DESTDIR\= sitearchdir\=./.gem.20251010-102712-acqrf6 sitelibdir\=./.gem.20251010-102712-acqrf6 clean

current directory: C:/Users/erdno/PsychoNoir-Kontrapunkt/.computer_languages/ruby/lib/ruby/gems/3.4.0/gems/prism-1.5.2/ext/prism
make DESTDIR\= sitearchdir\=./.gem.20251010-102712-acqrf6 sitelibdir\=./.gem.20251010-102712-acqrf6
generating prism-x64-mingw-ucrt.def
compiling api_node.c
compiling api_pack.c
compiling extension.c
compiling ./../../src/diagnostic.c
compiling ./../../src/encoding.c
compiling ./../../src/node.c
compiling ./../../src/options.c
compiling ./../../src/pack.c
compiling ./../../src/prettyprint.c
compiling ./../../src/prism.c
compiling ./../../src/regexp.c
compiling ./../../src/serialize.c
compiling ./../../src/static_literals.c
compiling ./../../src/token_type.c
compiling ./../../src/util/pm_buffer.c
compiling ./../../src/util/pm_char.c
compiling ./../../src/util/pm_constant_pool.c
compiling ./../../src/util/pm_integer.c
compiling ./../../src/util/pm_list.c
compiling ./../../src/util/pm_memchr.c
compiling ./../../src/util/pm_newline_list.c
compiling ./../../src/util/pm_string.c
compiling ./../../src/util/pm_strncasecmp.c
compiling ./../../src/util/pm_strpbrk.c
linking shared-object prism/prism.so

current directory: C:/Users/erdno/PsychoNoir-Kontrapunkt/.computer_languages/ruby/lib/ruby/gems/3.4.0/gems/prism-1.5.2/ext/prism
make DESTDIR\= sitearchdir\=./.gem.20251010-102712-acqrf6 sitelibdir\=./.gem.20251010-102712-acqrf6 install
/usr/bin/install -c -m 0755 prism.so ./.gem.20251010-102712-acqrf6/prism

current directory: C:/Users/erdno/PsychoNoir-Kontrapunkt/.computer_languages/ruby/lib/ruby/gems/3.4.0/gems/prism-1.5.2/ext/prism
make DESTDIR\= sitearchdir\=./.gem.20251010-102712-acqrf6 sitelibdir\=./.gem.20251010-102712-acqrf6 clean
